[2025-08-02T16:49:19.6257890-04:00] [Bannerlord.ButterLib.ImplementationLoaderSubModule] [INF]: Loading implementations...
[2025-08-02T16:49:19.7524730-04:00] [Bannerlord.ButterLib.ImplementationLoaderSubModule] [INF]: Found implementation Bannerlord.ButterLib.Implementation.1.0.0.dll
[2025-08-02T16:49:19.9237649-04:00] [Bannerlord.ButterLib.ImplementationLoaderSubModule] [INF]: Found implementation Bannerlord.ButterLib.Implementation.1.0.1.dll
[2025-08-02T16:49:20.0318773-04:00] [Bannerlord.ButterLib.ImplementationLoaderSubModule] [INF]: Found implementation Bannerlord.ButterLib.Implementation.1.0.2.dll
[2025-08-02T16:49:20.2005149-04:00] [Bannerlord.ButterLib.ImplementationLoaderSubModule] [INF]: Found implementation Bannerlord.ButterLib.Implementation.1.0.3.dll
[2025-08-02T16:49:20.3070992-04:00] [Bannerlord.ButterLib.ImplementationLoaderSubModule] [INF]: Found implementation Bannerlord.ButterLib.Implementation.1.1.0.dll
[2025-08-02T16:49:20.4222041-04:00] [Bannerlord.ButterLib.ImplementationLoaderSubModule] [INF]: Found implementation Bannerlord.ButterLib.Implementation.1.1.1.dll
[2025-08-02T16:49:20.5333222-04:00] [Bannerlord.ButterLib.ImplementationLoaderSubModule] [INF]: Found implementation Bannerlord.ButterLib.Implementation.1.1.2.dll
[2025-08-02T16:49:20.7124722-04:00] [Bannerlord.ButterLib.ImplementationLoaderSubModule] [INF]: Found implementation Bannerlord.ButterLib.Implementation.1.1.3.dll
[2025-08-02T16:49:20.8185513-04:00] [Bannerlord.ButterLib.ImplementationLoaderSubModule] [INF]: Found implementation Bannerlord.ButterLib.Implementation.1.1.4.dll
[2025-08-02T16:49:20.9286314-04:00] [Bannerlord.ButterLib.ImplementationLoaderSubModule] [INF]: Found implementation Bannerlord.ButterLib.Implementation.1.1.5.dll
[2025-08-02T16:49:21.0372255-04:00] [Bannerlord.ButterLib.ImplementationLoaderSubModule] [INF]: Found implementation Bannerlord.ButterLib.Implementation.1.1.6.dll
[2025-08-02T16:49:21.1408162-04:00] [Bannerlord.ButterLib.ImplementationLoaderSubModule] [INF]: Found implementation Bannerlord.ButterLib.Implementation.1.2.10.dll
[2025-08-02T16:49:21.2448963-04:00] [Bannerlord.ButterLib.ImplementationLoaderSubModule] [INF]: Found implementation Bannerlord.ButterLib.Implementation.1.2.11.dll
[2025-08-02T16:49:21.2463983-04:00] [Bannerlord.ButterLib.ImplementationLoaderSubModule] [INF]: Found implementation Bannerlord.ButterLib.Implementation.1.2.4.dll
[2025-08-02T16:49:21.3544840-04:00] [Bannerlord.ButterLib.ImplementationLoaderSubModule] [INF]: Found implementation Bannerlord.ButterLib.Implementation.1.2.5.dll
[2025-08-02T16:49:21.4585640-04:00] [Bannerlord.ButterLib.ImplementationLoaderSubModule] [INF]: Found implementation Bannerlord.ButterLib.Implementation.1.2.6.dll
[2025-08-02T16:49:21.5676691-04:00] [Bannerlord.ButterLib.ImplementationLoaderSubModule] [INF]: Found implementation Bannerlord.ButterLib.Implementation.1.2.7.dll
[2025-08-02T16:49:21.6737430-04:00] [Bannerlord.ButterLib.ImplementationLoaderSubModule] [INF]: Found implementation Bannerlord.ButterLib.Implementation.1.2.8.dll
[2025-08-02T16:49:21.7848320-04:00] [Bannerlord.ButterLib.ImplementationLoaderSubModule] [INF]: Found implementation Bannerlord.ButterLib.Implementation.1.2.9.dll
[2025-08-02T16:49:21.8904146-04:00] [Bannerlord.ButterLib.ImplementationLoaderSubModule] [INF]: Found no matching implementations. Loading the latest available
[2025-08-02T16:49:21.8944134-04:00] [Bannerlord.ButterLib.ImplementationLoaderSubModule] [INF]: Implementation Bannerlord.ButterLib.Implementation.1.2.11.dll for game v1.2.11.0 is loaded
[2025-08-02T16:49:21.9106417-04:00] [Bannerlord.ButterLib.ImplementationLoaderSubModule] [INF]: Finished loading implementations
[2025-08-02T16:49:21.9136423-04:00] [Bannerlord.ButterLib.Implementation.SubModule] [INF]: Wrapping DebugManager of type TaleWorlds.MountAndBlade.MBDebugManager with DebugManagerWrapper
[2025-08-02T16:49:58.5724356-04:00] [System.Diagnostics.Logger.LoggerTraceListener] [INF]: Bannerlord.UIExtenderEx.UIPatch - Register Types
[2025-08-02T16:49:58.5765818-04:00] [System.Diagnostics.Logger.LoggerTraceListener] [INF]: Bannerlord.UIExtenderEx.UIPatch - Enabled
[2025-08-02T16:49:58.5776488-04:00] [System.Diagnostics.Logger.LoggerTraceListener] [INF]: Shokuho - Register: Shokuho, Version=1.0.0.0, Culture=neutral, PublicKeyToken=null
[2025-08-02T16:49:58.5776488-04:00] [System.Diagnostics.Logger.LoggerTraceListener] [INF]: Shokuho - Register Types
[2025-08-02T16:49:58.5776488-04:00] [System.Diagnostics.Logger.LoggerTraceListener] [INF]: Shokuho - Enabled
[2025-08-02T16:49:58.5786500-04:00] [System.Diagnostics.Logger.LoggerTraceListener] [INF]: BetterTime - Register: BetterTime, Version=1.0.0.0, Culture=neutral, PublicKeyToken=null
[2025-08-02T16:49:58.5786500-04:00] [System.Diagnostics.Logger.LoggerTraceListener] [INF]: BetterTime - Register Types
[2025-08-02T16:49:58.5786500-04:00] [System.Diagnostics.Logger.LoggerTraceListener] [INF]: BetterTime - Enabled
[2025-08-02T16:49:58.6861081-04:00] [System.Diagnostics.Logger.LoggerTraceListener] [ERR]: 
[2025-08-02T16:49:58.6861081-04:00] [System.Diagnostics.Logger.LoggerTraceListener] [INF]: AccessTools2.Method: Could not find method for type 'TaleWorlds.CampaignSystem.CampaignBehaviors.CampaignBehaviorManager' and name 'OnGameLoaded' and parameters ''
[2025-08-02T16:49:59.0902090-04:00] [MCM.Implementation.DefaultSettingsProvider] [INF]: Found Global container MCM.Implementation.Global.FluentGlobalSettingsContainer (0)
[2025-08-02T16:49:59.0902090-04:00] [MCM.Implementation.DefaultSettingsProvider] [INF]: Found Global container MCM.Implementation.Global.ExternalGlobalSettingsContainer (0)
[2025-08-02T16:49:59.0947212-04:00] [MCM.Implementation.DefaultSettingsProvider] [INF]: Found Global container MCM.Implementation.Global.GlobalSettingsContainer (7)
[2025-08-02T16:49:59.0957271-04:00] [MCM.Implementation.DefaultSettingsProvider] [INF]: Found Global container MCM.UI.ButterLib.ButterLibSettingsContainer (1)
[2025-08-02T16:49:59.0957271-04:00] [MCM.Implementation.DefaultSettingsProvider] [INF]: Found PerSave container MCM.Implementation.PerSave.FluentPerSaveSettingsContainer (0)
[2025-08-02T16:49:59.0957271-04:00] [MCM.Implementation.DefaultSettingsProvider] [INF]: Found PerSave container MCM.Implementation.PerSave.PerSaveSettingsContainer (0)
[2025-08-02T16:49:59.0967269-04:00] [MCM.Implementation.DefaultSettingsProvider] [INF]: Found Campaign container MCM.Implementation.PerCampaign.FluentPerCampaignSettingsContainer (0)
[2025-08-02T16:49:59.0967269-04:00] [MCM.Implementation.DefaultSettingsProvider] [INF]: Found Campaign container MCM.Implementation.PerCampaign.PerCampaignSettingsContainer (0)
[2025-08-02T16:49:59.0967269-04:00] [MCM.Implementation.DefaultSettingsProvider] [INF]: Found external provider MCM.UI.Adapter.MCMv5.Providers.MCMv5ExternalSettingsProvider (0)
[2025-08-02T16:49:59.0977271-04:00] [System.Diagnostics.Logger.LoggerTraceListener] [INF]: 
[2025-08-02T16:49:59.0977271-04:00] [System.Diagnostics.Logger.LoggerTraceListener] [INF]: MCM.UI - Register: MCMv5.UI, Version=5.10.1.0, Culture=neutral, PublicKeyToken=null
[2025-08-02T16:49:59.0987371-04:00] [System.Diagnostics.Logger.LoggerTraceListener] [INF]: 
[2025-08-02T16:49:59.0987371-04:00] [System.Diagnostics.Logger.LoggerTraceListener] [INF]: MCM.UI - Register Types
[2025-08-02T16:49:59.1105673-04:00] [System.Diagnostics.Logger.LoggerTraceListener] [INF]: 
[2025-08-02T16:49:59.1105673-04:00] [System.Diagnostics.Logger.LoggerTraceListener] [INF]: MCM.UI - Enabled
[2025-08-02T16:50:32.8689956-04:00] [Bannerlord.ButterLib.ButterLibSubModule] [INF]: Created GameScope
