[2025-07-31T10:03:47.1338664-04:00] [Bannerlord.ButterLib.ImplementationLoaderSubModule] [INF]: Loading implementations...
[2025-07-31T10:03:47.1919166-04:00] [Bannerlord.ButterLib.ImplementationLoaderSubModule] [INF]: Found implementation Bannerlord.ButterLib.Implementation.1.0.0.dll
[2025-07-31T10:03:47.3588320-04:00] [Bannerlord.ButterLib.ImplementationLoaderSubModule] [INF]: Found implementation Bannerlord.ButterLib.Implementation.1.0.1.dll
[2025-07-31T10:03:47.4720371-04:00] [Bannerlord.ButterLib.ImplementationLoaderSubModule] [INF]: Found implementation Bannerlord.ButterLib.Implementation.1.0.2.dll
[2025-07-31T10:03:47.5792791-04:00] [Bannerlord.ButterLib.ImplementationLoaderSubModule] [INF]: Found implementation Bannerlord.ButterLib.Implementation.1.0.3.dll
[2025-07-31T10:03:47.6844838-04:00] [Bannerlord.ButterLib.ImplementationLoaderSubModule] [INF]: Found implementation Bannerlord.ButterLib.Implementation.1.1.0.dll
[2025-07-31T10:03:47.7941537-04:00] [Bannerlord.ButterLib.ImplementationLoaderSubModule] [INF]: Found implementation Bannerlord.ButterLib.Implementation.1.1.1.dll
[2025-07-31T10:03:47.9074645-04:00] [Bannerlord.ButterLib.ImplementationLoaderSubModule] [INF]: Found implementation Bannerlord.ButterLib.Implementation.1.1.2.dll
[2025-07-31T10:03:48.0161864-04:00] [Bannerlord.ButterLib.ImplementationLoaderSubModule] [INF]: Found implementation Bannerlord.ButterLib.Implementation.1.1.3.dll
[2025-07-31T10:03:48.1653873-04:00] [Bannerlord.ButterLib.ImplementationLoaderSubModule] [INF]: Found implementation Bannerlord.ButterLib.Implementation.1.1.4.dll
[2025-07-31T10:03:48.2806193-04:00] [Bannerlord.ButterLib.ImplementationLoaderSubModule] [INF]: Found implementation Bannerlord.ButterLib.Implementation.1.1.5.dll
[2025-07-31T10:03:48.3876220-04:00] [Bannerlord.ButterLib.ImplementationLoaderSubModule] [INF]: Found implementation Bannerlord.ButterLib.Implementation.1.1.6.dll
[2025-07-31T10:03:48.4947173-04:00] [Bannerlord.ButterLib.ImplementationLoaderSubModule] [INF]: Found implementation Bannerlord.ButterLib.Implementation.1.2.10.dll
[2025-07-31T10:03:48.6037380-04:00] [Bannerlord.ButterLib.ImplementationLoaderSubModule] [INF]: Found implementation Bannerlord.ButterLib.Implementation.1.2.11.dll
[2025-07-31T10:03:48.6202333-04:00] [Bannerlord.ButterLib.ImplementationLoaderSubModule] [INF]: Found implementation Bannerlord.ButterLib.Implementation.1.2.4.dll
[2025-07-31T10:03:48.7312270-04:00] [Bannerlord.ButterLib.ImplementationLoaderSubModule] [INF]: Found implementation Bannerlord.ButterLib.Implementation.1.2.5.dll
[2025-07-31T10:03:48.8393702-04:00] [Bannerlord.ButterLib.ImplementationLoaderSubModule] [INF]: Found implementation Bannerlord.ButterLib.Implementation.1.2.6.dll
[2025-07-31T10:03:48.9458721-04:00] [Bannerlord.ButterLib.ImplementationLoaderSubModule] [INF]: Found implementation Bannerlord.ButterLib.Implementation.1.2.7.dll
[2025-07-31T10:03:49.0539888-04:00] [Bannerlord.ButterLib.ImplementationLoaderSubModule] [INF]: Found implementation Bannerlord.ButterLib.Implementation.1.2.8.dll
[2025-07-31T10:03:49.1793898-04:00] [Bannerlord.ButterLib.ImplementationLoaderSubModule] [INF]: Found implementation Bannerlord.ButterLib.Implementation.1.2.9.dll
[2025-07-31T10:03:49.2864720-04:00] [Bannerlord.ButterLib.ImplementationLoaderSubModule] [INF]: Found no matching implementations. Loading the latest available
[2025-07-31T10:03:49.2904721-04:00] [Bannerlord.ButterLib.ImplementationLoaderSubModule] [INF]: Implementation Bannerlord.ButterLib.Implementation.1.2.11.dll for game v1.2.11.0 is loaded
[2025-07-31T10:03:49.3063274-04:00] [Bannerlord.ButterLib.ImplementationLoaderSubModule] [INF]: Finished loading implementations
[2025-07-31T10:03:49.3104578-04:00] [Bannerlord.ButterLib.Implementation.SubModule] [INF]: Wrapping DebugManager of type TaleWorlds.MountAndBlade.MBDebugManager with DebugManagerWrapper
[2025-07-31T10:04:48.1889127-04:00] [System.Diagnostics.Logger.LoggerTraceListener] [INF]: Bannerlord.UIExtenderEx.UIPatch - Register Types
[2025-07-31T10:04:48.1964368-04:00] [System.Diagnostics.Logger.LoggerTraceListener] [INF]: Bannerlord.UIExtenderEx.UIPatch - Enabled
[2025-07-31T10:04:48.1964368-04:00] [System.Diagnostics.Logger.LoggerTraceListener] [INF]: Shokuho - Register: Shokuho, Version=1.0.0.0, Culture=neutral, PublicKeyToken=null
[2025-07-31T10:04:48.1964368-04:00] [System.Diagnostics.Logger.LoggerTraceListener] [INF]: Shokuho - Register Types
[2025-07-31T10:04:48.1964368-04:00] [System.Diagnostics.Logger.LoggerTraceListener] [INF]: Shokuho - Enabled
[2025-07-31T10:04:48.3678369-04:00] [System.Diagnostics.Logger.LoggerTraceListener] [ERR]: 
[2025-07-31T10:04:48.3678369-04:00] [System.Diagnostics.Logger.LoggerTraceListener] [INF]: AccessTools2.Method: Could not find method for type 'TaleWorlds.CampaignSystem.CampaignBehaviors.CampaignBehaviorManager' and name 'OnGameLoaded' and parameters ''
[2025-07-31T10:04:48.9562098-04:00] [MCM.Implementation.DefaultSettingsProvider] [INF]: Found Global container MCM.Implementation.Global.FluentGlobalSettingsContainer (0)
[2025-07-31T10:04:48.9572593-04:00] [MCM.Implementation.DefaultSettingsProvider] [INF]: Found Global container MCM.Implementation.Global.ExternalGlobalSettingsContainer (0)
[2025-07-31T10:04:48.9662022-04:00] [MCM.Implementation.DefaultSettingsProvider] [INF]: Found Global container MCM.Implementation.Global.GlobalSettingsContainer (6)
[2025-07-31T10:04:48.9672488-04:00] [MCM.Implementation.DefaultSettingsProvider] [INF]: Found Global container MCM.UI.ButterLib.ButterLibSettingsContainer (1)
[2025-07-31T10:04:48.9683059-04:00] [MCM.Implementation.DefaultSettingsProvider] [INF]: Found PerSave container MCM.Implementation.PerSave.FluentPerSaveSettingsContainer (0)
[2025-07-31T10:04:48.9683059-04:00] [MCM.Implementation.DefaultSettingsProvider] [INF]: Found PerSave container MCM.Implementation.PerSave.PerSaveSettingsContainer (0)
[2025-07-31T10:04:48.9696030-04:00] [MCM.Implementation.DefaultSettingsProvider] [INF]: Found Campaign container MCM.Implementation.PerCampaign.FluentPerCampaignSettingsContainer (0)
[2025-07-31T10:04:48.9701116-04:00] [MCM.Implementation.DefaultSettingsProvider] [INF]: Found Campaign container MCM.Implementation.PerCampaign.PerCampaignSettingsContainer (0)
[2025-07-31T10:04:48.9711230-04:00] [MCM.Implementation.DefaultSettingsProvider] [INF]: Found external provider MCM.UI.Adapter.MCMv5.Providers.MCMv5ExternalSettingsProvider (0)
[2025-07-31T10:04:48.9726413-04:00] [System.Diagnostics.Logger.LoggerTraceListener] [INF]: 
[2025-07-31T10:04:48.9726413-04:00] [System.Diagnostics.Logger.LoggerTraceListener] [INF]: MCM.UI - Register: MCMv5.UI, Version=5.10.1.0, Culture=neutral, PublicKeyToken=null
[2025-07-31T10:04:48.9726413-04:00] [System.Diagnostics.Logger.LoggerTraceListener] [INF]: 
[2025-07-31T10:04:48.9726413-04:00] [System.Diagnostics.Logger.LoggerTraceListener] [INF]: MCM.UI - Register Types
[2025-07-31T10:04:48.9959236-04:00] [System.Diagnostics.Logger.LoggerTraceListener] [INF]: 
[2025-07-31T10:04:48.9959236-04:00] [System.Diagnostics.Logger.LoggerTraceListener] [INF]: MCM.UI - Enabled
[2025-07-31T10:05:23.4183311-04:00] [Bannerlord.ButterLib.ButterLibSubModule] [INF]: Created GameScope
[2025-07-31T12:31:11.9772374-04:00] [Bannerlord.ButterLib.ButterLibSubModule] [INF]: Created GameScope
[2025-07-31T13:43:51.6645641-04:00] [Bannerlord.ButterLib.ButterLibSubModule] [INF]: Created GameScope
