[2025-08-04T19:32:21.9276153-04:00] [Diplomacy.SubModule] [INF]: Loading Diplomacy v1.2.13...
[2025-08-04T19:32:21.9995410-04:00] [Diplomacy.PatchTools.PatchManager] [DBG]: Applying unannotated Harmony patches (domain: bannerlord.diplomacy)...
[2025-08-04T19:32:22.0077806-04:00] [Diplomacy.PatchTools.PatchManager] [DBG]: Applying: Postfix patch of CalculateInfluenceChange in type DefaultClanPoliticsModel (TaleWorlds.CampaignSystem.GameComponents.DefaultClanPoliticsModel)
[2025-08-04T19:32:22.0204462-04:00] [Diplomacy.PatchTools.PatchManager] [DBG]: Applying: Prefix patch of ConsiderWar in type DiplomaticBartersBehavior (TaleWorlds.CampaignSystem.CampaignBehaviors.BarterBehaviors.DiplomaticBartersBehavior)
[2025-08-04T19:32:22.0225466-04:00] [Diplomacy.PatchTools.PatchManager] [DBG]: Applying: Postfix patch of siege_aftermath_contextual_summary_on_init in type SiegeAftermathCampaignBehavior (TaleWorlds.CampaignSystem.CampaignBehaviors.SiegeAftermathCampaignBehavior)
[2025-08-04T19:32:22.0302609-04:00] [Diplomacy.PatchTools.PatchManager] [DBG]: Applying: Prefix patch of ConsiderWar in type KingdomDecisionProposalBehavior (TaleWorlds.CampaignSystem.CampaignBehaviors.KingdomDecisionProposalBehavior)
[2025-08-04T19:32:22.0342922-04:00] [Diplomacy.PatchTools.PatchManager] [DBG]: Applying: Prefix patch of ConsiderPeace in type KingdomDecisionProposalBehavior (TaleWorlds.CampaignSystem.CampaignBehaviors.KingdomDecisionProposalBehavior)
[2025-08-04T19:32:22.0459982-04:00] [Diplomacy.PatchTools.PatchManager] [DBG]: Applying: Prefix patch of DailyTickClan in type KingdomDecisionProposalBehavior (TaleWorlds.CampaignSystem.CampaignBehaviors.KingdomDecisionProposalBehavior)
[2025-08-04T19:32:22.0544081-04:00] [Diplomacy.PatchTools.PatchManager] [DBG]: Applying: Postfix patch of MainStoryLineChosen in type SupportKingdomQuest (StoryMode.Quests.FirstPhase.SupportKingdomQuest)
[2025-08-04T19:32:22.0559890-04:00] [Diplomacy.PatchTools.PatchManager] [DBG]: Applying: Prefix patch of DeclareAlliance in type FactionManager (TaleWorlds.CampaignSystem.FactionManager)
[2025-08-04T19:32:22.0570313-04:00] [Diplomacy.PatchTools.PatchManager] [DBG]: Applying: Postfix patch of InitializeListItems in type DefaultEncyclopediaFactionPage (TaleWorlds.CampaignSystem.Encyclopedia.Pages.DefaultEncyclopediaFactionPage)
[2025-08-04T19:32:22.0591071-04:00] [Diplomacy.PatchTools.PatchManager] [DBG]: Applying: Postfix patch of OnFinalize in type KingdomManagementVM (TaleWorlds.CampaignSystem.ViewModelCollection.KingdomManagement.KingdomManagementVM)
[2025-08-04T19:32:22.0601489-04:00] [Diplomacy.PatchTools.PatchManager] [DBG]: Applying: Postfix patch of .ctor in type GauntletBannerEditorScreen (SandBox.GauntletUI.BannerEditor.GauntletBannerEditorScreen)
[2025-08-04T19:32:22.0632945-04:00] [Diplomacy.PatchTools.PatchManager] [DBG]: Applying: Prefix patch of OnDone in type GauntletBannerEditorScreen (SandBox.GauntletUI.BannerEditor.GauntletBannerEditorScreen)
[2025-08-04T19:32:22.0643391-04:00] [Diplomacy.PatchTools.PatchManager] [DBG]: Applying: Prefix patch of ApplyChosenOutcome in type MakePeaceKingdomDecision (TaleWorlds.CampaignSystem.Election.MakePeaceKingdomDecision)
[2025-08-04T19:32:22.0663852-04:00] [Diplomacy.PatchTools.PatchManager] [DBG]: Applied 13 patches of 10 patch classes (domain: bannerlord.diplomacy)..
[2025-08-04T19:32:51.0696912-04:00] [Diplomacy.SubModule] [INF]: Loaded Diplomacy v1.2.13!
[2025-08-04T19:34:27.0772730-04:00] [Diplomacy.PatchTools.PatchManager] [DBG]: Applying unannotated Harmony patches (domain: bannerlord.diplomacy.campaign)...
[2025-08-04T19:34:27.0783061-04:00] [Diplomacy.PatchTools.PatchManager] [DBG]: Applying: Postfix patch of conversation_lord_request_mission_ask_on_condition in type LordConversationsCampaignBehavior (TaleWorlds.CampaignSystem.CampaignBehaviors.LordConversationsCampaignBehavior)
[2025-08-04T19:34:27.0829339-04:00] [Diplomacy.PatchTools.PatchManager] [DBG]: Applying: Postfix patch of conversation_player_wants_to_make_peace_on_condition in type LordConversationsCampaignBehavior (TaleWorlds.CampaignSystem.CampaignBehaviors.LordConversationsCampaignBehavior)
[2025-08-04T19:34:27.0829339-04:00] [Diplomacy.PatchTools.PatchManager] [DBG]: Applying: Postfix patch of conversation_player_want_to_join_faction_as_mercenary_or_vassal_on_condition in type LordConversationsCampaignBehavior (TaleWorlds.CampaignSystem.CampaignBehaviors.LordConversationsCampaignBehavior)
[2025-08-04T19:34:27.0860041-04:00] [Diplomacy.PatchTools.PatchManager] [DBG]: Applying: Postfix patch of conversation_player_threats_lord_verify_on_condition in type LordConversationsCampaignBehavior (TaleWorlds.CampaignSystem.CampaignBehaviors.LordConversationsCampaignBehavior)
[2025-08-04T19:34:27.0870780-04:00] [Diplomacy.PatchTools.PatchManager] [DBG]: Applying: Postfix patch of village_farmer_loot_on_condition in type VillagerCampaignBehavior (TaleWorlds.CampaignSystem.CampaignBehaviors.VillagerCampaignBehavior)
[2025-08-04T19:34:27.0881140-04:00] [Diplomacy.PatchTools.PatchManager] [DBG]: Applying: Postfix patch of caravan_loot_on_condition in type CaravansCampaignBehavior (TaleWorlds.CampaignSystem.CampaignBehaviors.CaravansCampaignBehavior)
[2025-08-04T19:34:27.0891673-04:00] [Diplomacy.PatchTools.PatchManager] [DBG]: Applying: Postfix patch of game_menu_village_hostile_action_on_condition in type VillageHostileActionCampaignBehavior (TaleWorlds.CampaignSystem.CampaignBehaviors.VillageHostileActionCampaignBehavior)
[2025-08-04T19:34:27.0901985-04:00] [Diplomacy.PatchTools.PatchManager] [DBG]: Applying: Prefix patch of AbdicateTheThrone in type KingdomManager (TaleWorlds.CampaignSystem.KingdomManager)
[2025-08-04T19:34:27.0937773-04:00] [Diplomacy.PatchTools.PatchManager] [DBG]: Applied 8 patches of 1 patch classes (domain: bannerlord.diplomacy.campaign)..
[2025-08-04T19:34:27.1006825-04:00] [Diplomacy.SubModule] [DBG]: Campaign session started.
[2025-08-04T19:37:53.3577599-04:00] [Diplomacy.SubModule] [DBG]: Campaign session ended.
[2025-08-04T19:39:49.7498464-04:00] [Diplomacy.SubModule] [INF]: Unloaded Diplomacy v1.2.13!
[2025-08-04T19:41:35.5630985-04:00] [Diplomacy.SubModule] [INF]: Loading Diplomacy v1.2.13...
[2025-08-04T19:41:35.5693563-04:00] [Diplomacy.PatchTools.PatchManager] [DBG]: Applying unannotated Harmony patches (domain: bannerlord.diplomacy)...
[2025-08-04T19:41:35.5766545-04:00] [Diplomacy.PatchTools.PatchManager] [DBG]: Applying: Postfix patch of CalculateInfluenceChange in type DefaultClanPoliticsModel (TaleWorlds.CampaignSystem.GameComponents.DefaultClanPoliticsModel)
[2025-08-04T19:41:35.5880956-04:00] [Diplomacy.PatchTools.PatchManager] [DBG]: Applying: Prefix patch of ConsiderWar in type DiplomaticBartersBehavior (TaleWorlds.CampaignSystem.CampaignBehaviors.BarterBehaviors.DiplomaticBartersBehavior)
[2025-08-04T19:41:35.5891005-04:00] [Diplomacy.PatchTools.PatchManager] [DBG]: Applying: Postfix patch of siege_aftermath_contextual_summary_on_init in type SiegeAftermathCampaignBehavior (TaleWorlds.CampaignSystem.CampaignBehaviors.SiegeAftermathCampaignBehavior)
[2025-08-04T19:41:35.5922185-04:00] [Diplomacy.PatchTools.PatchManager] [DBG]: Applying: Prefix patch of ConsiderWar in type KingdomDecisionProposalBehavior (TaleWorlds.CampaignSystem.CampaignBehaviors.KingdomDecisionProposalBehavior)
[2025-08-04T19:41:35.5948086-04:00] [Diplomacy.PatchTools.PatchManager] [DBG]: Applying: Prefix patch of ConsiderPeace in type KingdomDecisionProposalBehavior (TaleWorlds.CampaignSystem.CampaignBehaviors.KingdomDecisionProposalBehavior)
[2025-08-04T19:41:35.6010273-04:00] [Diplomacy.PatchTools.PatchManager] [DBG]: Applying: Prefix patch of DailyTickClan in type KingdomDecisionProposalBehavior (TaleWorlds.CampaignSystem.CampaignBehaviors.KingdomDecisionProposalBehavior)
[2025-08-04T19:41:35.6098611-04:00] [Diplomacy.PatchTools.PatchManager] [DBG]: Applying: Postfix patch of MainStoryLineChosen in type SupportKingdomQuest (StoryMode.Quests.FirstPhase.SupportKingdomQuest)
[2025-08-04T19:41:35.6108997-04:00] [Diplomacy.PatchTools.PatchManager] [DBG]: Applying: Prefix patch of DeclareAlliance in type FactionManager (TaleWorlds.CampaignSystem.FactionManager)
[2025-08-04T19:41:35.6119345-04:00] [Diplomacy.PatchTools.PatchManager] [DBG]: Applying: Postfix patch of InitializeListItems in type DefaultEncyclopediaFactionPage (TaleWorlds.CampaignSystem.Encyclopedia.Pages.DefaultEncyclopediaFactionPage)
[2025-08-04T19:41:35.6129752-04:00] [Diplomacy.PatchTools.PatchManager] [DBG]: Applying: Postfix patch of OnFinalize in type KingdomManagementVM (TaleWorlds.CampaignSystem.ViewModelCollection.KingdomManagement.KingdomManagementVM)
[2025-08-04T19:41:35.6140104-04:00] [Diplomacy.PatchTools.PatchManager] [DBG]: Applying: Postfix patch of .ctor in type GauntletBannerEditorScreen (SandBox.GauntletUI.BannerEditor.GauntletBannerEditorScreen)
[2025-08-04T19:41:35.6160889-04:00] [Diplomacy.PatchTools.PatchManager] [DBG]: Applying: Prefix patch of OnDone in type GauntletBannerEditorScreen (SandBox.GauntletUI.BannerEditor.GauntletBannerEditorScreen)
[2025-08-04T19:41:35.6181730-04:00] [Diplomacy.PatchTools.PatchManager] [DBG]: Applying: Prefix patch of ApplyChosenOutcome in type MakePeaceKingdomDecision (TaleWorlds.CampaignSystem.Election.MakePeaceKingdomDecision)
[2025-08-04T19:41:35.6192345-04:00] [Diplomacy.PatchTools.PatchManager] [DBG]: Applied 13 patches of 10 patch classes (domain: bannerlord.diplomacy)..
[2025-08-04T19:42:00.6014405-04:00] [Diplomacy.SubModule] [INF]: Loaded Diplomacy v1.2.13!
[2025-08-04T19:43:57.0231913-04:00] [Diplomacy.PatchTools.PatchManager] [DBG]: Applying unannotated Harmony patches (domain: bannerlord.diplomacy.campaign)...
[2025-08-04T19:43:57.0231913-04:00] [Diplomacy.PatchTools.PatchManager] [DBG]: Applying: Postfix patch of conversation_lord_request_mission_ask_on_condition in type LordConversationsCampaignBehavior (TaleWorlds.CampaignSystem.CampaignBehaviors.LordConversationsCampaignBehavior)
[2025-08-04T19:43:57.0283523-04:00] [Diplomacy.PatchTools.PatchManager] [DBG]: Applying: Postfix patch of conversation_player_wants_to_make_peace_on_condition in type LordConversationsCampaignBehavior (TaleWorlds.CampaignSystem.CampaignBehaviors.LordConversationsCampaignBehavior)
[2025-08-04T19:43:57.0283523-04:00] [Diplomacy.PatchTools.PatchManager] [DBG]: Applying: Postfix patch of conversation_player_want_to_join_faction_as_mercenary_or_vassal_on_condition in type LordConversationsCampaignBehavior (TaleWorlds.CampaignSystem.CampaignBehaviors.LordConversationsCampaignBehavior)
[2025-08-04T19:43:57.0315013-04:00] [Diplomacy.PatchTools.PatchManager] [DBG]: Applying: Postfix patch of conversation_player_threats_lord_verify_on_condition in type LordConversationsCampaignBehavior (TaleWorlds.CampaignSystem.CampaignBehaviors.LordConversationsCampaignBehavior)
[2025-08-04T19:43:57.0325506-04:00] [Diplomacy.PatchTools.PatchManager] [DBG]: Applying: Postfix patch of village_farmer_loot_on_condition in type VillagerCampaignBehavior (TaleWorlds.CampaignSystem.CampaignBehaviors.VillagerCampaignBehavior)
[2025-08-04T19:43:57.0338645-04:00] [Diplomacy.PatchTools.PatchManager] [DBG]: Applying: Postfix patch of caravan_loot_on_condition in type CaravansCampaignBehavior (TaleWorlds.CampaignSystem.CampaignBehaviors.CaravansCampaignBehavior)
[2025-08-04T19:43:57.0349191-04:00] [Diplomacy.PatchTools.PatchManager] [DBG]: Applying: Postfix patch of game_menu_village_hostile_action_on_condition in type VillageHostileActionCampaignBehavior (TaleWorlds.CampaignSystem.CampaignBehaviors.VillageHostileActionCampaignBehavior)
[2025-08-04T19:43:57.0359544-04:00] [Diplomacy.PatchTools.PatchManager] [DBG]: Applying: Prefix patch of AbdicateTheThrone in type KingdomManager (TaleWorlds.CampaignSystem.KingdomManager)
[2025-08-04T19:43:57.0391208-04:00] [Diplomacy.PatchTools.PatchManager] [DBG]: Applied 8 patches of 1 patch classes (domain: bannerlord.diplomacy.campaign)..
[2025-08-04T19:43:57.0464735-04:00] [Diplomacy.SubModule] [DBG]: Campaign session started.
